C51 COMPILER V9.53.0.0   ULTRA                                                             09/22/2018 23:59:20 PAGE 1   


C51 COMPILER V9.53.0.0, COMPILATION OF MODULE ULTRA
OBJECT MODULE PLACED IN ultra.OBJ
COMPILER INVOKED BY: C:\Keil_v5\C51\BIN\C51.EXE ultra.c OPTIMIZE(8,SPEED) BROWSE DEBUG OBJECTEXTEND TABS(2)

line level    source

   1          // File Name: ultrasonic interface on 8051
   2          // Author: R.venkatesan
   3          // lcd 16X2 8bit method 
   4           // lcd pin connection port0 -data pin (D0-D7)
   5           // control pin lcd conection  RS=P2^7, R/W=P2^6, E=P2^5
   6           
   7          
   8          # include <reg51.h>
   9          # include <stdio.h>
  10          #include <intrins.h>
  11          # include "lcd.h"  // lcd library 
  12          /* if want change the lcd pin connection open lcd file library change the pin as per your aspect 
  13           And also remain you change busy flag= bf(used name in lcdlibrary ) also for inlcd pin data  lcd file liba
             -ry  */
  14           
  15           sfr16 DPTR=0x82;
  16            sbit echo=P3^2;
  17            sbit triger=P3^3;
  18            
  19            int get;
  20            void number(int a);
  21            void basic_step();
  22            void send_pulse();
  23            int ultrasonic();
  24            
  25           void main()
  26           {
  27   1        port(); // pulldown the all pin in micro controller
  28   1        lcd_initial(); // lcd basic initialization cammand line 
  29   1         basic_step(); // ultrasonic basic initialization
  30   1         echo=1; // pull up pin 
  31   1         while(1)
  32   1         {
  33   2           lcd_com(0x01);  // lcd cammand dispaly frist line
  34   2           lcd_string("ultrasonic range"); // write your own word in double quotes
  35   2        
  36   2           lcd_com (0xc0);  // lcd cammand dispaly second line
  37   2          
  38   2           number(ultrasonic());
  39   2            delay(100); // delay for seen the lcd lines display
  40   2         }
  41   1           
  42   1       }
  43             void number(int a)
  44             {
  45   1           lcd_data(a/10000+0x30);
  46   1           lcd_data((a%10000)/1000+0x30);
  47   1           lcd_data((a%1000)/100+0x30);
  48   1           lcd_data((a%100)/10+0x30);
  49   1           lcd_data(a%10+0x30);
  50   1         }
  51              void basic_step()
  52              {
  53   1          TMOD=0x09;   // using frist interrupt0 on ultrasonic  timer mode 1
  54   1            /* if wannt use interruprt  TMOD=0x90
C51 COMPILER V9.53.0.0   ULTRA                                                             09/22/2018 23:59:20 PAGE 2   

  55   1            And also use both  interrupt timern TMOD=0x99 */
  56   1        TH0=0x00;TL0=0x00;  // enable timer mode start on zero
  57   1        TR0=1;
  58   1        TH1=0x00;TL1=0x00;
  59   1        TR1=1;
  60   1          }
  61              
  62              void send_pulse() 
  63          {
  64   1         triger=1;
  65   1         _nop_();_nop_();_nop_();_nop_();_nop_();
  66   1         _nop_();_nop_();_nop_();_nop_();_nop_();
  67   1         triger=0;
  68   1      }
  69          int ultrasonic()
  70          { 
  71   1        send_pulse();
  72   1        while(!echo);
  73   1        while(echo);
  74   1        DPH=TH0;
  75   1        DPL=TL0;
  76   1        TH0=0xff;
  77   1        TL0=0xff;
  78   1        if(DPTR<36000)
  79   1        {
  80   2          get=DPTR/58;
  81   2        }                             // Object distance in inches = (time/148); Distance in centimeters = (Time/58
             -)
  82   1        else
  83   1        {
  84   2          get=0;
  85   2        }
  86   1        return get;
  87   1      }


MODULE INFORMATION:   STATIC OVERLAYABLE
   CODE SIZE        =    386    ----
   CONSTANT SIZE    =     17    ----
   XDATA SIZE       =   ----    ----
   PDATA SIZE       =   ----    ----
   DATA SIZE        =      2       3
   IDATA SIZE       =   ----    ----
   BIT SIZE         =   ----    ----
END OF MODULE INFORMATION.


C51 COMPILATION COMPLETE.  0 WARNING(S),  0 ERROR(S)
